// Jest Snapshot v1, https://goo.gl/fbAQLP

exports[`<GetWeatherButton /> matches snapshot 1`] = `
<ForwardRef
  className="button is-link"
  onClick={[MockFunction]}
>
  <FontAwesomeIcon
    border={false}
    className=""
    fixedWidth={false}
    flip={null}
    icon="search"
    inverse={false}
    listItem={false}
    mask={null}
    pull={null}
    pulse={false}
    rotation={null}
    size={null}
    spin={false}
    symbol={false}
    title=""
    transform={null}
  />
</ForwardRef>
`;
